Script started on Sun 09 Feb 2025 10:43:40 AM UTC
[root@zfs ~]# lsblk
NAME   MAJ:MIN RM  SIZE RO TYPE MOUNTPOINT
sda      8:0    0   40G  0 disk
└─sda1   8:1    0   40G  0 part /
sdb      8:16   0  512M  0 disk
sdc      8:32   0  512M  0 disk
sdd      8:48   0  512M  0 disk
sde      8:64   0  512M  0 disk
sdf      8:80   0  512M  0 disk
sdg      8:96   0  512M  0 disk
sdh      8:112  0  512M  0 disk
sdi      8:128  0  512M  0 disk
[root@zfs ~]# zpool create otus1 mirror /dev/sdb /dev/sdc
[root@zfs ~]# create otus2 mirror /dev/sdd /dev/sde
bash: create: command not found
[root@zfs ~]# zpool create otus2 mirror /dev/sdd /dev/sde
[root@zfs ~]# zpool create otus3 mirror /dev/sdf /dev/sdg
[root@zfs ~]# zpool create otus4 mirror /dev/sdh /dev/sdi
[root@zfs ~]# zpool list
NAME    SIZE  ALLOC   FREE  CKPOINT  EXPANDSZ   FRAG    CAP  DEDUP    HEALTH  ALTROOT
otus1   480M  91.5K   480M        -         -     0%     0%  1.00x    ONLINE  -
otus2   480M  91.5K   480M        -         -     0%     0%  1.00x    ONLINE  -
otus3   480M  91.5K   480M        -         -     0%     0%  1.00x    ONLINE  -
otus4   480M  91.5K   480M        -         -     0%     0%  1.00x    ONLINE  -
[root@zfs ~]# zfs set compression=lzjb otus1
[root@zfs ~]# zfs set compression=lz4 otus2
[root@zfs ~]# zfs set compression=gzip-9 otus3
[root@zfs ~]# zfs set compression=zle otus4
[root@zfs ~]# zfs get all | grep compression
otus1  compression           lzjb                   local
otus2  compression           lz4                    local
otus3  compression           gzip-9                 local
otus4  compression           zle                    local
[root@zfs ~]# for i in {1..4}; do wget -P /otus$i https://gutenberg.org/cache/epub/2600/pg2600.converter.log; done
--2025-02-09 10:46:07--  https://gutenberg.org/cache/epub/2600/pg2600.converter.log
Resolving gutenberg.org (gutenberg.org)... 152.19.134.47, 2610:28:3090:3000:0:bad:cafe:47
Connecting to gutenberg.org (gutenberg.org)|152.19.134.47|:443... connected.
HTTP request sent, awaiting response... 200 OK
Length: 41123477 (39M) [text/plain]
Saving to: ‘/otus1/pg2600.converter.log’

100%[====================================================================================================================================================>] 41,123,477  1020KB/s   in 34s

2025-02-09 10:46:42 (1.17 MB/s) - ‘/otus1/pg2600.converter.log’ saved [41123477/41123477]

--2025-02-09 10:46:42--  https://gutenberg.org/cache/epub/2600/pg2600.converter.log
Resolving gutenberg.org (gutenberg.org)... 152.19.134.47, 2610:28:3090:3000:0:bad:cafe:47
Connecting to gutenberg.org (gutenberg.org)|152.19.134.47|:443... connected.
HTTP request sent, awaiting response... 200 OK
Length: 41123477 (39M) [text/plain]
Saving to: ‘/otus2/pg2600.converter.log’

100%[====================================================================================================================================================>] 41,123,477  3.66MB/s   in 9.5s

2025-02-09 10:46:52 (4.15 MB/s) - ‘/otus2/pg2600.converter.log’ saved [41123477/41123477]

--2025-02-09 10:46:52--  https://gutenberg.org/cache/epub/2600/pg2600.converter.log
Resolving gutenberg.org (gutenberg.org)... 152.19.134.47, 2610:28:3090:3000:0:bad:cafe:47
Connecting to gutenberg.org (gutenberg.org)|152.19.134.47|:443... connected.
HTTP request sent, awaiting response... 200 OK
Length: 41123477 (39M) [text/plain]
Saving to: ‘/otus3/pg2600.converter.log’

100%[====================================================================================================================================================>] 41,123,477  1.38MB/s   in 24s

2025-02-09 10:47:17 (1.61 MB/s) - ‘/otus3/pg2600.converter.log’ saved [41123477/41123477]

--2025-02-09 10:47:17--  https://gutenberg.org/cache/epub/2600/pg2600.converter.log
Resolving gutenberg.org (gutenberg.org)... 152.19.134.47, 2610:28:3090:3000:0:bad:cafe:47
Connecting to gutenberg.org (gutenberg.org)|152.19.134.47|:443... connected.
HTTP request sent, awaiting response... 200 OK
Length: 41123477 (39M) [text/plain]
Saving to: ‘/otus4/pg2600.converter.log’

100%[====================================================================================================================================================>] 41,123,477   789KB/s   in 22s

2025-02-09 10:47:41 (1.75 MB/s) - ‘/otus4/pg2600.converter.log’ saved [41123477/41123477]

[root@zfs ~]# ls -l /otus*
/otus1:
total 22096
-rw-r--r--. 1 root root 41123477 Feb  2 08:31 pg2600.converter.log

/otus2:
total 18006
-rw-r--r--. 1 root root 41123477 Feb  2 08:31 pg2600.converter.log

/otus3:
total 10966
-rw-r--r--. 1 root root 41123477 Feb  2 08:31 pg2600.converter.log

/otus4:
total 40188
-rw-r--r--. 1 root root 41123477 Feb  2 08:31 pg2600.converter.log
[root@zfs ~]# zfs list
NAME    USED  AVAIL     REFER  MOUNTPOINT
otus1  21.7M   330M     21.6M  /otus1
otus2  17.7M   334M     17.6M  /otus2
otus3  10.8M   341M     10.7M  /otus3
otus4  39.3M   313M     39.3M  /otus4
[root@zfs ~]# zfs get all | grep compressratio | grep -v ref
otus1  compressratio         1.81x                  -
otus2  compressratio         2.23x                  -
otus3  compressratio         3.66x                  -
otus4  compressratio         1.00x                  -
[root@zfs ~]# wget -O archive.tar.gz --no-check-certificate 'https://drive.usercontent.google.com/download?id=1MvrcEp-WgAQe57aDEzxSRalPAwbNN1Bb&export=download'
--2025-02-09 10:48:40--  https://drive.usercontent.google.com/download?id=1MvrcEp-WgAQe57aDEzxSRalPAwbNN1Bb&export=download
Resolving drive.usercontent.google.com (drive.usercontent.google.com)... 142.251.36.1, 2a00:1450:400e:80f::2001
Connecting to drive.usercontent.google.com (drive.usercontent.google.com)|142.251.36.1|:443... connected.
HTTP request sent, awaiting response... 200 OK
Length: 7275140 (6.9M) [application/octet-stream]
Saving to: ‘archive.tar.gz’

100%[====================================================================================================================================================>] 7,275,140   5.06MB/s   in 1.4s

2025-02-09 10:48:48 (5.06 MB/s) - ‘archive.tar.gz’ saved [7275140/7275140]

[root@zfs ~]# tar -xzvf archive.tar.gz
zpoolexport/
zpoolexport/filea
zpoolexport/fileb
[root@zfs ~]# zpool import -d zpoolexport/
   pool: otus
     id: 6554193320433390805
  state: ONLINE
 action: The pool can be imported using its name or numeric identifier.
 config:

        otus                         ONLINE
          mirror-0                   ONLINE
            /root/zpoolexport/filea  ONLINE
            /root/zpoolexport/fileb  ONLINE
[root@zfs ~]# zpool import -d zpoolexport/ otus
[root@zfs ~]# zpool status
  pool: otus
 state: ONLINE
  scan: none requested
config:

        NAME                         STATE     READ WRITE CKSUM
        otus                         ONLINE       0     0     0
          mirror-0                   ONLINE       0     0     0
            /root/zpoolexport/filea  ONLINE       0     0     0
            /root/zpoolexport/fileb  ONLINE       0     0     0

errors: No known data errors

  pool: otus1
 state: ONLINE
  scan: none requested
config:

        NAME        STATE     READ WRITE CKSUM
        otus1       ONLINE       0     0     0
          mirror-0  ONLINE       0     0     0
            sdb     ONLINE       0     0     0
            sdc     ONLINE       0     0     0

errors: No known data errors

  pool: otus2
 state: ONLINE
  scan: none requested
config:

        NAME        STATE     READ WRITE CKSUM
        otus2       ONLINE       0     0     0
          mirror-0  ONLINE       0     0     0
            sdd     ONLINE       0     0     0
            sde     ONLINE       0     0     0

errors: No known data errors

  pool: otus3
 state: ONLINE
  scan: none requested
config:

        NAME        STATE     READ WRITE CKSUM
        otus3       ONLINE       0     0     0
          mirror-0  ONLINE       0     0     0
            sdf     ONLINE       0     0     0
            sdg     ONLINE       0     0     0

errors: No known data errors

  pool: otus4
 state: ONLINE
  scan: none requested
config:

        NAME        STATE     READ WRITE CKSUM
        otus4       ONLINE       0     0     0
          mirror-0  ONLINE       0     0     0
            sdh     ONLINE       0     0     0
            sdi     ONLINE       0     0     0

errors: No known data errors
[root@zfs ~]# zpool get all otus
NAME  PROPERTY                       VALUE                          SOURCE
otus  size                           480M                           -
otus  capacity                       0%                             -
otus  altroot                        -                              default
otus  health                         ONLINE                         -
otus  guid                           6554193320433390805            -
otus  version                        -                              default
otus  bootfs                         -                              default
otus  delegation                     on                             default
otus  autoreplace                    off                            default
otus  cachefile                      -                              default
otus  failmode                       wait                           default
otus  listsnapshots                  off                            default
otus  autoexpand                     off                            default
otus  dedupditto                     0                              default
otus  dedupratio                     1.00x                          -
otus  free                           478M                           -
otus  allocated                      2.09M                          -
otus  readonly                       off                            -
otus  ashift                         0                              default
otus  comment                        -                              default
otus  expandsize                     -                              -
otus  freeing                        0                              -
otus  fragmentation                  0%                             -
otus  leaked                         0                              -
otus  multihost                      off                            default
otus  checkpoint                     -                              -
otus  load_guid                      9811764017336274117            -
otus  autotrim                       off                            default
otus  feature@async_destroy          enabled                        local
otus  feature@empty_bpobj            active                         local
otus  feature@lz4_compress           active                         local
otus  feature@multi_vdev_crash_dump  enabled                        local
otus  feature@spacemap_histogram     active                         local
otus  feature@enabled_txg            active                         local
otus  feature@hole_birth             active                         local
otus  feature@extensible_dataset     active                         local
otus  feature@embedded_data          active                         local
otus  feature@bookmarks              enabled                        local
otus  feature@filesystem_limits      enabled                        local
otus  feature@large_blocks           enabled                        local
otus  feature@large_dnode            enabled                        local
otus  feature@sha512                 enabled                        local
otus  feature@skein                  enabled                        local
otus  feature@edonr                  enabled                        local
otus  feature@userobj_accounting     active                         local
otus  feature@encryption             enabled                        local
otus  feature@project_quota          active                         local
otus  feature@device_removal         enabled                        local
otus  feature@obsolete_counts        enabled                        local
otus  feature@zpool_checkpoint       enabled                        local
otus  feature@spacemap_v2            active                         local
otus  feature@allocation_classes     enabled                        local
otus  feature@resilver_defer         enabled                        local
otus  feature@bookmark_v2            enabled                        local
[root@zfs ~]# zfs get available otus
NAME  PROPERTY   VALUE  SOURCE
otus  available  350M   -
[root@zfs ~]# wget -O otus_task2.file --no-check-certificate https://drive.usercontent.google.com/download?id=1wgxjih8YZ-cqLqaZVa0lA3h3Y029c3oI&export=download
[1] 13718
[root@zfs ~]# --2025-02-09 10:51:35--  https://drive.usercontent.google.com/download?id=1wgxjih8YZ-cqLqaZVa0lA3h3Y029c3oI
Resolving drive.usercontent.google.com (drive.usercontent.google.com)... 142.251.36.1, 2a00:1450:400e:80f::2001
Connecting to drive.usercontent.google.com (drive.usercontent.google.com)|142.251.36.1|:443... connected.
HTTP request sent, awaiting response... 200 OK
Length: 5432736 (5.2M) [application/octet-stream]
Saving to: ‘otus_task2.file’

100%[====================================================================================================================================================>] 5,432,736   5.25MB/s   in 1.0s

2025-02-09 10:51:39 (5.25 MB/s) - ‘otus_task2.file’ saved [5432736/5432736]


[1]+  Done                    wget -O otus_task2.file --no-check-certificate https://drive.usercontent.google.com/download?id=1wgxjih8YZ-cqLqaZVa0lA3h3Y029c3oI
[root@zfs ~]# zfs receive otus/test@today < otus_task2.file
[root@zfs ~]# find /otus/test -name "secret_message"
/otus/test/task1/file_mess/secret_message
[root@zfs ~]# cat /otus/test/task1/file_mess/secret_message
https://otus.ru/lessons/linux-hl/

[root@zfs ~]# exit

Script done on Sun 09 Feb 2025 10:54:14 AM UTC